// Jest Snapshot v1, https://goo.gl/fbAQLP

exports[`Modal component matches snapshot DOM node structure 1`] = `
<DocumentFragment>
  <div
    class="modalBackdrop"
  >
    <h3
      class="modalTitle"
    >
      Park bench
    </h3>
    <img
      alt="current category"
      src="1.jpg"
    />
    <p>
      Lorem ipsum dolor sit amet, consectetur adipiscing elit. Nunc ultricie
    </p>
    <button
      type="button"
    >
      Close this modal
    </button>
  </div>
</DocumentFragment>
`;

exports[`Modal component renders 1`] = `
<DocumentFragment>
  <div
    class="modalBackdrop"
  >
    <h3
      class="modalTitle"
    >
      Park bench
    </h3>
    <img
      alt="current category"
      src="1.jpg"
    />
    <p>
      Lorem ipsum dolor sit amet, consectetur adipiscing elit. Nunc ultricie
    </p>
    <button
      type="button"
    >
      Close this modal
    </button>
  </div>
</DocumentFragment>
`;
